2026-08-01T21:56:23Z === abstraction-40k-vs-scalar: 60,000 pairs @ 200bb, CRN, 6 workers ===
2026-08-01T21:56:23Z challenger: iter=40,000 histogram=True buckets=[169, 150, 150, 30] preflop=[0.75, 1.5] postflop=[0.5, 1.0] cap=3
2026-08-01T21:56:23Z incumbent : iter=118,000 histogram=False buckets=[169, 20, 20, 20] preflop=[0.75, 1.5] postflop=[0.5, 1.0] cap=3
2026-08-01T21:56:23Z NOTE: buckets differs between the arms -- this duel does not isolate training progress alone.
2026-08-01T21:56:23Z durable log: backend\data\evaluations\abstraction-40k-vs-scalar.log
2026-08-01T21:56:23Z 
2026-08-01T21:56:23Z -- NULL: incumbent vs itself, 400 pairs, must be exactly +0.00 --
2026-08-01T21:57:11Z    null: +0.00 bb/100
2026-08-01T21:57:11Z 
2026-08-01T21:57:11Z -- launching 6 shards: [0,10,000), [10,000,20,000), [20,000,30,000), [30,000,40,000), [40,000,50,000), [50,000,60,000)
2026-08-01T21:57:11Z -- serial control: replaying pairs [0,200) in-process --
2026-08-01T22:29:21Z    shard 0 [0,10,000) done
2026-08-01T22:29:21Z    shard 1 [10,000,20,000) done
2026-08-01T22:29:21Z    shard 2 [20,000,30,000) done
2026-08-01T22:29:21Z    shard 3 [30,000,40,000) done
2026-08-01T22:29:21Z    shard 4 [40,000,50,000) done
2026-08-01T22:29:21Z    shard 5 [50,000,60,000) done
2026-08-01T22:29:21Z    exactness: first 200 pairs match the serial control bit for bit
2026-08-01T22:29:21Z 
2026-08-01T22:29:21Z    challenger minus incumbent: +4.71 bb/100 [-1.93,+11.34]
2026-08-01T22:29:21Z    60,000 pairs in 1929.9s -> 31.09 pairs/s across 6 shards
2026-08-01T22:29:21Z    VERDICT: INCONCLUSIVE
2026-08-01T22:29:21Z written to backend\data\evaluations\abstraction-40k-vs-scalar.json
