2026-07-30T21:11:43Z resolver: OFF
2026-07-30T21:11:43Z === GTO Wizard benchmark: serving:MultiStackBlueprintAgent, 500 hands ===
2026-07-30T21:11:43Z durable log: backend\data\evaluations\gtowizard-serving-off-500.log
2026-07-30T21:11:44Z server tally before: 1528 hands, -231.29 bb/100
2026-07-30T21:13:39Z   25/500 hands | AIVAT +45.19 [-45.86,+136.24] | raw +734.32 | 0.22 hands/s | ETA 36.5 min
2026-07-30T21:15:41Z   50/500 hands | AIVAT +2.73 [-49.37,+54.82] | raw +761.02 | 0.21 hands/s | ETA 35.5 min
2026-07-30T21:17:11Z   75/500 hands | AIVAT -4.66 [-42.85,+33.53] | raw +193.88 | 0.23 hands/s | ETA 30.9 min
2026-07-30T21:18:43Z   100/500 hands | AIVAT -10.80 [-41.71,+20.12] | raw +333.31 | 0.24 hands/s | ETA 28.0 min
2026-07-30T21:20:35Z   125/500 hands | AIVAT -7.00 [-34.71,+20.70] | raw +288.61 | 0.24 hands/s | ETA 26.6 min
2026-07-30T21:21:54Z   150/500 hands | AIVAT -10.60 [-34.44,+13.24] | raw +242.68 | 0.25 hands/s | ETA 23.7 min
2026-07-30T21:23:00Z   175/500 hands | AIVAT -9.54 [-30.04,+10.97] | raw +232.30 | 0.26 hands/s | ETA 20.9 min
2026-07-30T21:24:12Z   200/500 hands | AIVAT -7.75 [-26.26,+10.75] | raw +182.56 | 0.27 hands/s | ETA 18.7 min
2026-07-30T21:25:41Z   225/500 hands | AIVAT -10.50 [-27.42,+6.41] | raw +149.64 | 0.27 hands/s | ETA 17.1 min
2026-07-30T21:27:08Z   250/500 hands | AIVAT -9.97 [-25.38,+5.43] | raw +104.28 | 0.27 hands/s | ETA 15.4 min
2026-07-30T21:28:55Z   275/500 hands | AIVAT -8.94 [-22.97,+5.09] | raw +104.51 | 0.27 hands/s | ETA 14.1 min
2026-07-30T21:30:42Z   300/500 hands | AIVAT -19.95 [-40.04,+0.13] | raw +154.49 | 0.26 hands/s | ETA 12.6 min
2026-07-30T21:31:57Z   325/500 hands | AIVAT -21.15 [-40.19,-2.10] | raw +137.90 | 0.27 hands/s | ETA 10.9 min
2026-07-30T21:33:09Z   350/500 hands | AIVAT -27.51 [-50.97,-4.05] | raw +88.11 | 0.27 hands/s | ETA 9.2 min
2026-07-30T21:34:50Z   375/500 hands | AIVAT -25.58 [-47.52,-3.63] | raw +90.55 | 0.27 hands/s | ETA 7.7 min
2026-07-30T21:36:23Z   400/500 hands | AIVAT -23.08 [-43.74,-2.41] | raw +92.50 | 0.27 hands/s | ETA 6.2 min
2026-07-30T21:38:12Z   425/500 hands | AIVAT -23.96 [-43.72,-4.20] | raw +89.52 | 0.27 hands/s | ETA 4.7 min
2026-07-30T21:40:03Z   450/500 hands | AIVAT -21.37 [-40.18,-2.55] | raw +91.11 | 0.26 hands/s | ETA 3.1 min
2026-07-30T21:42:03Z   475/500 hands | AIVAT -25.50 [-45.74,-5.27] | raw +76.40 | 0.26 hands/s | ETA 1.6 min
2026-07-30T21:43:29Z   500/500 hands | AIVAT -17.00 [-51.40,+17.40] | raw +60.27 | 0.26 hands/s | ETA 0.0 min
2026-07-30T21:43:29Z 
2026-07-30T21:43:29Z AIVAT : -17.00 bb/100 [-51.40, +17.40] over 500 hands
2026-07-30T21:43:29Z raw   : +60.27 bb/100 [-139.69, +260.24]
2026-07-30T21:43:29Z excluded=0 board_desyncs=0 positions={'hero=SB': 250, 'hero=BB': 250}
2026-07-30T21:43:29Z timing: {'api_s': 1892.4, 'agent_s': 12.0, 'mirror_s': 1.2}
2026-07-30T21:43:30Z server tally after : 2028 hands, -159.41 bb/100, aivat -180.53 bb/100
2026-07-30T21:43:30Z written to backend\data\evaluations\gtowizard-serving-off-500.json
