2026-07-30T20:26:38Z === GTO Wizard benchmark: null:always-all-in, 500 hands ===
2026-07-30T20:26:38Z durable log: backend\data\evaluations\gtowizard-null-allin-500.log
2026-07-30T20:26:39Z server tally before: 1018 hands, -61.74 bb/100
2026-07-30T20:26:58Z   25/500 hands | AIVAT -367.05 [-443.33,-290.77] | raw +138.00 | 1.26 hands/s | ETA 6.3 min
2026-07-30T20:27:15Z   50/500 hands | AIVAT -406.24 [-453.63,-358.84] | raw -655.50 | 1.37 hands/s | ETA 5.5 min
2026-07-30T20:27:31Z   75/500 hands | AIVAT -418.89 [-458.28,-379.49] | raw -654.67 | 1.42 hands/s | ETA 5.0 min
2026-07-30T20:27:54Z   100/500 hands | AIVAT -405.66 [-439.74,-371.57] | raw -455.75 | 1.33 hands/s | ETA 5.0 min
2026-07-30T20:28:12Z   125/500 hands | AIVAT -402.00 [-433.04,-370.97] | raw -337.00 | 1.34 hands/s | ETA 4.7 min
2026-07-30T20:28:28Z   150/500 hands | AIVAT -402.08 [-429.48,-374.69] | raw -658.83 | 1.38 hands/s | ETA 4.2 min
2026-07-30T20:28:46Z   175/500 hands | AIVAT -406.20 [-431.22,-381.18] | raw -314.43 | 1.37 hands/s | ETA 3.9 min
2026-07-30T20:29:02Z   200/500 hands | AIVAT -408.12 [-431.62,-384.61] | raw -356.88 | 1.39 hands/s | ETA 3.6 min
2026-07-30T20:29:20Z   225/500 hands | AIVAT -407.76 [-429.86,-385.65] | raw -390.44 | 1.39 hands/s | ETA 3.3 min
2026-07-30T20:29:37Z   250/500 hands | AIVAT -409.94 [-430.64,-389.23] | raw -496.80 | 1.40 hands/s | ETA 3.0 min
2026-07-30T20:29:54Z   275/500 hands | AIVAT -412.88 [-432.48,-393.27] | raw -657.27 | 1.41 hands/s | ETA 2.7 min
2026-07-30T20:30:16Z   300/500 hands | AIVAT -409.22 [-428.02,-390.41] | raw -657.58 | 1.38 hands/s | ETA 2.4 min
2026-07-30T20:30:32Z   325/500 hands | AIVAT -406.72 [-424.93,-388.51] | raw -720.38 | 1.39 hands/s | ETA 2.1 min
2026-07-30T20:30:49Z   350/500 hands | AIVAT -409.06 [-426.44,-391.68] | raw -657.00 | 1.40 hands/s | ETA 1.8 min
2026-07-30T20:31:06Z   375/500 hands | AIVAT -409.19 [-426.04,-392.34] | raw -603.93 | 1.40 hands/s | ETA 1.5 min
2026-07-30T20:31:22Z   400/500 hands | AIVAT -405.46 [-422.08,-388.84] | raw -658.50 | 1.41 hands/s | ETA 1.2 min
2026-07-30T20:31:38Z   425/500 hands | AIVAT -403.17 [-419.30,-387.05] | raw -657.71 | 1.42 hands/s | ETA 0.9 min
2026-07-30T20:31:55Z   450/500 hands | AIVAT -401.52 [-417.18,-385.86] | raw -613.33 | 1.42 hands/s | ETA 0.6 min
2026-07-30T20:32:13Z   475/500 hands | AIVAT -399.58 [-414.91,-384.26] | raw -615.95 | 1.42 hands/s | ETA 0.3 min
2026-07-30T20:32:28Z   500/500 hands | AIVAT -399.46 [-414.48,-384.44] | raw -577.90 | 1.43 hands/s | ETA 0.0 min
2026-07-30T20:32:28Z 
2026-07-30T20:32:28Z AIVAT : -399.46 bb/100 [-414.48, -384.44] over 500 hands
2026-07-30T20:32:28Z raw   : -577.90 bb/100 [-1032.92, -122.88]
2026-07-30T20:32:28Z excluded=0 board_desyncs=0 positions={'hero=SB': 250, 'hero=BB': 250}
2026-07-30T20:32:28Z timing: {'api_s': 348.6, 'agent_s': 0.0, 'mirror_s': 0.8}
2026-07-30T20:32:29Z server tally after : 1518 hands, -231.76 bb/100, aivat -235.23 bb/100
2026-07-30T20:32:29Z 
2026-07-30T20:32:29Z NULL ANCHOR: published -380.6 +- 4.3 bb/100
2026-07-30T20:32:29Z   measured  -399.46 [-414.48,-384.44]
2026-07-30T20:32:29Z   PASS - intervals overlap
2026-07-30T20:32:29Z written to backend\data\evaluations\gtowizard-null-allin-500.json
